
// ==========================================================================
//  GPPG error listing for yacc source file <Runner.Language.grammar.y - 8/21/2017 1:14:15 PM>
// ==========================================================================
//  Version:  1.5.2
//  Machine:  TX-P-0038
//  DateTime: 8/21/2017 1:14:15 PM
//  UserName: artem.glynskyi
// ==========================================================================


%namespace AvgJavascriptVm.Complier
%using AvgJavascriptVm.Core.BaseTypes
%using AvgJavascriptVm.Grammar.Nodes
%partial
%parsertype RunnerParser
%visibility internal
%tokentype Token

%union { 			
			public double num;
            public string str;
			public Node n;
	   }

%start main

%token FUNCTION, IF, ELSE, WHILE, DO, FOR, RETURN
%token SEMICOLON, COMMA,  LPARENTH, RPARENTH, LCURLYBRACE, RCURLYBRACE
%token NUMBER, IDENTIFIER

%%
// Error: NonTerminal symbol "function_decalration" has no productions
// Warning: Terminating function_decalration fixes the following size-1 NonTerminal set
   // {function_decalration}
// Error: There are 1 non-terminating NonTerminal Symbols
   //  {function_decalration}
// ------------------------------------------------------------------------------------

main : statements_and_declarations { Result = (StatementsAndDeclarations)$1.n; }
     | /* empty */ { Result = new StatementsNode(); }
     ;

statements_and_declarations : statement_or_declaration { var nodes = new StatementsAndDeclarations(); nodes.Nodes.Add($1.n); $$.n = nodes; }
                            | statements_and_declarations statement_or_declaration { ((StatementsAndDeclarations)$1.n).Nodes.Add($2.n); }
							;

statement_or_declaration : statement
                         | function_decalration
						 ;

statements : statement { var stmts = new StatementsNode(); stmts.Statements.Add((StatementNode)$1.n); $$.n = stmts; }
           | statements statement { ((StatementsNode)$1.n).Statements.Add((StatementNode)$2.n); }
           ;

statement : block { $$.n = $1.n; }
          | function_declaration { $$.n = $1.n; }
		  | while
		  | dowhile
		  | for		  		  
		  | if
	      ;

expression: IDENTIFIER { $$.n = new IdentifierNode($1.str); }
          ;

block : LCURLYBRACE RCURLYBRACE { $$.n = new BlockNode((StatementsNode)$2.n); } 
      | LCURLYBRACE statements RCURLYBRACE { $$.n = new BlockNode((StatementsNode)$2.n); }
      ;

statement_or_expression_or_semicolon: statement { $$.n = $1.n; } 
                                    | expression { $$.n = $1.n; }
								    | SEMICOLON { }
					                ; 
 
function_declaration : FUNCTION IDENTIFIER LPARENTH arguments_list RPARENTH function_body { $$.n = new FunctionDeclarationNode(new IdentifierNode($2.str), (ArgumentsListNode)$4.n, (BlockNode)$6.n); }
                     ;

function_body : LCURLYBRACE RCURLYBRACE { $$.n = new BlockNode((StatementsNode)$2.n); }
              | LCURLYBRACE function_statements RCURLYBRACE { $$.n = new BlockNode((StatementsNode)$2.n); }
              ;

function_statements : function_statement { var stmts = new StatementsNode(); stmts.Statements.Add((StatementNode)$1.n); $$.n = stmts; }
                    | function_statements function_statement { ((StatementsNode)$1.n).Statements.Add((StatementNode)$2.n); }
					;

function_statement: statement { $$.n = $1.n; }
                  | return { $$.n = $1.n; }
				  ;

return: RETURN SEMICOLON { $$.n = new ReturnNode(); }
      | RETURN expression SEMICOLON { $$.n = new ReturnNode((ExpressionNode)$2.n); }
                     ;

arguments_list : IDENTIFIER { $$.n = new ArgumentsListNode(new IdentifierNode($1.str)); }
               | arguments_list COMMA IDENTIFIER { $$.n = new ArgumentsListNode((ArgumentsListNode)$1.n, new IdentifierNode($3.str)); }
			   | /* empty */ { $$.n = new ArgumentsListNode(); }
               ;

while : WHILE LPARENTH expression RPARENTH statement_or_expression_or_semicolon { $$.n = new WhileNode((ExpressionNode)$3.n, (StatementNode)$5.n); }      
	  ;

dowhile : DO block WHILE LPARENTH expression RPARENTH SEMICOLON { $$.n = new DoWhileNode((ExpressionNode)$5.n, (StatementNode)$2.n); }
        ;

for : FOR LPARENTH expression_or_empty SEMICOLON expression_or_empty SEMICOLON expression_or_empty RPARENTH statement_or_expression_or_semicolon { $$.n = new ForNode((StatementNode)$3.n, (StatementNode)$5.n, (StatementNode)$7.n, (StatementNode)$9.n); }    
	;

expression_or_empty : expression { $$.n = $1.n; }
                    | /* empty */ 
					;

if : IF LPARENTH expression RPARENTH statement_or_expression_or_semicolon
   | IF LPARENTH expression RPARENTH statement_or_expression_or_semicolon ELSE statement_or_expression_or_semicolon
   ;
		
%%// ==========================================================================

